ARM GAS  src/kernel/reset_vector.s 			page 1


   1              	/**
   2              	 * Archivo: reset_vector.S
   3              	 * Función: retorno a la zona post reset
   4              	 * Autor: Brito Sergio Sebastian
   5              	 * Referencia: los códigos desarrollados fueron tomados a partir de diferentes referencias y en ba
   6              	 *             fue darle un enfoque didáctico para el alumno, con comentarios pertinentes y refere
   7              	 *             Ref. 1: https://github.com/allexoll/BBB-BareMetal
   8              	 *             Ref. 2: https://github.com/auselen/down-to-the-bone
   9              	 *             Ref. 3: https://github.com/mvduin/bbb-asm-demo
  10              	 *             Ref. 4: Starterware de Texas Instruments
  11              	 *             Ref. 5: AM335x ARM Cortex-A8 - Technical Reference Manual (TRM)
  12              	 *             Ref. 6: ARM Architectural Reference Manual ARMv7-A and ARMv7-R Edition (ARM)
  13              	 *             Ref. 7: Instruction Set Assembly Guide for ARMv7 and earlier ARM Architectures (Vers
  14              	 **/
  15              	
  16              	/* Modo de funcionamiento: arm */
  17              	.code 32
  18              	
  19              	.extern _startup
  20              	.global _reset_vector
  21              	
  22              	.section ._reset_vector_code
  23              	
  24              	_reset_vector:
  25              	   @ ldr PC,=_startup
  26 0000 FEFFFFEA 	   B _startup
  27              	
  28              	.end
ARM GAS  src/kernel/reset_vector.s 			page 2


DEFINED SYMBOLS
src/kernel/reset_vector.s:24     ._reset_vector_code:0000000000000000 _reset_vector
src/kernel/reset_vector.s:26     ._reset_vector_code:0000000000000000 $a

UNDEFINED SYMBOLS
_startup
